// Jest Snapshot v1, https://goo.gl/fbAQLP

exports[`<NewMovie> 1`] = `
<div>
  <h2
    data-testid="page-title"
  >
    New Movie
  </h2>
  <form
    data-testid="movie-form"
  >
    <label
      for="text"
    >
      Label
    </label>
    <input
      id="text"
      type="text"
    />
    <button
      type="submit"
    >
      Submit
    </button>
  </form>
</div>
`;
